---
- name: I am an interviewer
  uid: c8b84b28-37ca-4c88-98af-012909a973b1
  parameters: []
- name: I am on the prep page
  uid: 1bb9f055-0a3e-4c42-bedf-f101a0ff2330
  parameters: []
- name: I click "button"
  uid: 48f3f849-742a-41af-94b1-e28ace0b3d3a
  parameters:
  - name: button
- name: a modal appears
  uid: ccfaa773-1d88-4afd-97fb-cc114be73445
  parameters: []
- name: it says "message"
  uid: 95705cd2-ff4c-493c-a075-4994170c1a5b
  parameters:
  - name: message
- name: the "p1" lists the competencies
  uid: 66199bad-5e31-4974-8ffd-2d1d94327690
  parameters:
  - name: p1
- name: the ... lists the competencies that interviewer was assigned in order of importance
  uid: 0863bbdf-9828-4510-b1f9-3ce4604c00b9
  parameters: []
- name: interviewer clicks "button" to close the pop up
  uid: 901caabf-37b7-47ee-bd0d-2d7856ff2e1b
  parameters:
  - name: button
- name: I arrive to "page" page
  uid: 5e3d1b15-0783-4f71-af58-683e64ee0474
  parameters:
  - name: page
- name: I see the field "field" with button "button"
  uid: 789a4242-0ef0-4b64-8b62-641f3d35ec28
  parameters:
  - name: field
  - name: button
- name: I click "button" on the resume pdf file
  uid: 94057f74-7f73-404c-a477-5519b7c01669
  parameters:
  - name: button
- name: the window closes
  uid: dc8f6a19-eb06-4bc0-887a-f40a164849cf
  parameters: []
- name: a progress bar loads to 100%
  uid: a49d0bcd-fccf-4ebb-967d-e2fd1d3139c1
  parameters: []
- name: I get a "message" message
  uid: 4c802c98-c97d-4fc9-88f6-69fc741920c2
  parameters:
  - name: message
- name: I return to "page"
  uid: 7c10aa91-49cb-45ed-ae55-cd0885755ca7
  parameters:
  - name: page
- name: I am a user who is adding resumes
  uid: 6f4ebe7b-c096-49d1-9ffd-95f4e90d96b8
  parameters: []
- name: user drags and drops resume in field
  uid: 9f9b5b19-3d80-4074-9149-fc9d1c86acb3
  parameters: []
- name: Sovren fails
  uid: 0a35c48c-eccf-4c6d-ae54-38e4f5f77df0
  parameters: []
- name: user is notified that no data was detected in the PDF
  uid: b2e5c519-d873-4e4c-94d1-0a228aa516dc
  parameters: []
- name: is prompted for applicant first name, last name, email
  uid: 7f9d4fad-b4f9-4569-8eb7-0535d3c5a7e6
  parameters: []
- name: if they want to manually enter the rest of the info
  uid: 7765a53b-a4e6-425a-9d91-8da6b4747032
  parameters: []
- name: Sovren cannot parse the resume
  uid: 9e7eeea2-d092-4c59-b66e-fe289b080138
  parameters: []
- name: PNG creation fails
  uid: 9ab3e8d0-6ab7-4231-ac73-c9c48a6f9127
  parameters: []
- name: default icon of PDF displays
  uid: 343625b5-5a08-471a-86ca-3f71263f1b8f
  parameters: []
- name: user clicks 'save' on parsed resume
  uid: 5306474f-cd7a-4aae-9ee2-860eb548da6d
  parameters: []
- name: that email already has a resume in the system on that job
  uid: 0b0b370b-2444-4fe2-b904-6ad2be979c9b
  parameters: []
- name: user is notified that this person already has a resume for this job - do you
    want to use that one? or the new one?
  uid: 82df524b-f179-46fe-a1e0-44b7fe75f2ab
  parameters: []
- name: I click 'yes, replace'
  uid: ddd7ffaa-48ff-48d1-82b8-fae2e47ebada
  parameters: []
- name: the back end keeps the original
  uid: 56a9a616-900f-4032-8865-3fc43c9f86b1
  parameters: []
- name: I am a job owner/editor, and I am going to use unitive resume reviewer
  uid: 6d785356-bb3c-4d08-ac42-524f667bbe9d
  parameters: []
- name: a thumbnail preview shows of the resume in the field
  uid: 95d26032-0284-4c24-9e42-668139290a9d
  parameters: []
- name: I am user
  uid: 111638f1-269a-49c0-915d-6840ff68c969
  parameters: []
- name: I have saved at least one interview question to one interviewer on 'build
    interview' page or at least one resume reviewed
  uid: 9488ef8c-9ef5-4e91-bbb3-222097bcda94
  parameters: []
- name: Job has 0 applicants approved for interview
  uid: cffef6e3-c838-413b-a58e-05f07ab10d92
  parameters: []
- name: '"p1" button is blue and not wiggle'
  uid: 99840b81-ebd3-440a-a793-bb81745427ab
  parameters:
  - name: p1
- name: I'm on the "p1" page
  uid: ccbdd29b-450e-48c3-883f-b2b46c1c31a6
  parameters:
  - name: p1
- name: Job is created
  uid: be1652c0-7ee1-4b2a-8fa6-4ec01cc04f0d
  parameters: []
- name: 0 resumes added
  uid: 2f06ecf5-8ce9-4d8d-b025-e0cd41e03efd
  parameters: []
- name: 0 applicants approved for interview
  uid: 042ff3ae-c0d9-4519-922b-bac8904040b2
  parameters: []
- name: there are no question-interviewers saved
  uid: e3bf5f36-b8b3-4b0a-94c1-7461205da037
  parameters: []
- name: '"p1" should be primary button and wiggle'
  uid: 9880ed3f-98c3-4e62-b4d1-06543f81ba85
  parameters:
  - name: p1
- name: 'I have added any applicants '
  uid: 3788f936-d768-4d2b-ad44-a8da7872f2d7
  parameters: []
- name: at least one interview question is saved (regardless of whether i've added
    or reviewed resumes)
  uid: 2dc1ee2d-8517-4439-8864-18175d6e8d48
  parameters: []
- name: I click back to job dashboard
  uid: a88eb767-cbd8-46d4-8447-718101ee1ba8
  parameters: []
- name: 'there is not already a scheduled interview '
  uid: d25c78e0-d7a5-4141-aae0-4e12670f505f
  parameters: []
- name: '"p1" button is blue and NOT wiggle'
  uid: 872a363c-9ee4-4a0b-9085-cbbcbe5ff756
  parameters:
  - name: p1
- name: Step Six!
  uid: dcd1fe20-699e-415b-ad66-664b0bda1ab2
  parameters: []
- name: a miracle occurs
  uid: 964d9fc6-974a-4abc-885e-dfadfe442d7f
  parameters: []
- name: Race you to Seven
  uid: 50a9918a-bf04-421f-b8a9-251601351644
  parameters: []
- name: Race you to Eight!
  uid: ac9c2ac1-a247-4693-8b2a-cd83b02a0cf0
  parameters: []
- name: Race you to nine!
  uid: 955b1ab9-55a6-42b4-9ed2-37931631b33e
  parameters: []
- name: can you type?
  uid: 53d45aab-d67a-46eb-80af-a838d78ab6ee
  parameters: []
- name: Race you to eleven!
  uid: 731597cb-a83f-4e58-a47d-61b0061c33f3
  parameters: []
- name: job has 2 or more resumes added
  uid: 4b549b27-f24f-45db-89dc-eb1e90ee76a7
  parameters: []
- name: 0 reviewed
  uid: 50e7657c-bed8-42d2-83a7-b4ef1f7e98c7
  parameters: []
- name: 'we are on the '
  uid: 0c6a2143-fdbe-496b-a0e1-f3e071e21976
  parameters: []
- name: it should show the search bar
  uid: 4ba6f594-9205-4e1b-93bd-e50a40cc836a
  parameters: []
- name: I'm on the Job Copy page
  uid: 38770678-af44-4b11-b13a-fc1eac87c04d
  parameters: []
- name: it should show the list of available reqs and the extra data with it
  uid: 7e259a35-64d0-4d4f-a961-85b3a7ae7118
  parameters: []
- name: it should show a no-data message when there are no reqs available to the user
  uid: b2b23573-abcb-4d1a-9ba4-2a7b0f9f1955
  parameters: []
- name: it should show a no-data message when there are no reqs after searching/filtering
  uid: d1f1092e-a953-4378-8810-87cdb731aa41
  parameters: []
- name: it should show the job description when clicking the "p1" button
  uid: 3760f85b-8bde-41e1-aec4-a2a0fed82261
  parameters:
  - name: p1
- name: it should create a copy of the req and job description when clicking the "p1"
    button
  uid: 550968be-7422-4fd2-bfe5-bb264acfede8
  parameters:
  - name: p1
- name: it should show ten reqs and a show more link
  uid: c5bc4e32-5ecd-493b-927e-c12abbe088b2
  parameters: []
- name: the setup for RequisitionCopyCtrl
  uid: d9910b5a-64ce-4949-8b3a-9066c47fbbeb
  parameters: []
- name: it should show a job description popup
  uid: a6d43737-4bd1-4435-a3d5-afb6774e5f86
  parameters: []
- name: it should request to copy the given req and navigate to the requisition edit
    page
  uid: 118cc205-bf99-419b-bffc-b4f6e3278908
  parameters: []
- name: it should show an error if it fails
  uid: 6b7ab929-6dcb-4a80-b691-d8185b8da912
  parameters: []
- name: it should show "p1" reqs
  uid: 9abc525d-c012-49c3-a7fe-16c494c08071
  parameters:
  - name: p1
- name: it should show "p1" link
  uid: 2f0fd4da-0865-46f7-8774-cdb4ae49affa
  parameters:
  - name: p1
