---
- name: the card is valid
  uid: 451942c6-62d3-4911-8cb4-afa5e24f6ab4
  parameters: []
  body_hash: d41d8cd98f00b204e9800998ecf8427e
- name: the card should be returned
  uid: 5aed7d04-d841-4f2f-a145-3b03a0b3db8f
  parameters: []
  body_hash: d41d8cd98f00b204e9800998ecf8427e
- name: the account balance is "balance"
  uid: 7750c571-a89c-4c45-ac08-9cf52d24ab10
  parameters:
  - name: balance
  body_hash: d41d8cd98f00b204e9800998ecf8427e
- name: the ATM should dispense "amount"
  uid: eaa0f960-a28c-48e1-b6d5-bea0aa39f3f3
  parameters:
  - name: amount
  body_hash: d41d8cd98f00b204e9800998ecf8427e
- name: the savings account balance is "amount"
  uid: 35c547ef-4a6e-448e-ad96-c44d45c02bc8
  parameters:
  - name: amount
  body_hash: d41d8cd98f00b204e9800998ecf8427e
- name: the Account Holder transfers "amount" to the savings account
  uid: 3fec8412-d465-47f3-938c-e0a1ebeb1c87
  parameters:
  - name: amount
  body_hash: d41d8cd98f00b204e9800998ecf8427e
- name: the savings account balance should be "amount"
  uid: 51cf9494-7d89-4d0f-8000-ec30b48a5f0d
  parameters:
  - name: amount
  body_hash: d41d8cd98f00b204e9800998ecf8427e
